Num_factura, Fecha, Bruto, Neto, IVA, IGIC, Concepto, CIF_cliente, NIF_cliente
1,02/05/2019,1000,810,19,,ACER Laptop,B76430134,